GW_Basin
gwDivide
gwBasinUnit
gwAquiferSystem
GW_ManagementArea
gwAreaCompetentAuthority
gwAreaDesignationPeriod
gwAreaSpecialisedAreaType
gwAreaEnvironmentalDomain
gwAreaShape
gwAreaType
gwAreaFeature
gwAreaBody
gwAreaWaterBudget
gwAreaYield
relatedManagementArea
gwManagedUnit
documentation
GW_HydrogeoVoid
gwVoidHostMaterial
gwVoidMetadata
gwVoidShape
gwVoidType
gwVoidVolume
gwVoidFluidBody
gwVoidUnit
gwVoidPartOf
gwPartOfVoid
GW_FluidBody
gwBodyFlow
gwBodyMetadata
gwBodyProperty
gwBodyQuality
gwBodyShape
gwBodyVolume
gwBodyVulnerability
gwFluidBodyUnit
gwFluidBodyVoid
gwBodyPartOf
gwBodySurface
gwBodyConstituent
gwBackgroundConstituent
gwPartOfBody
GW_BodySurface
gwSurfaceShapeMetadata
gwSurfaceShape
gwSurfaceType
gwSurfaceDivide
gwSurfaceBody
gwUnitProperty
gwUnitMedia
gwUnitWaterBudget
gwUnitRecharge
gwUnitDischarge
gwUnitVulnerability
gwUnitFluidBody
gwUnitVoid
gwManagementArea
GW_Aquifer
gwAquiferType
gwAquiferIsExploited
gwAquiferIsMain
gwConfiningBed
GW_Divide
gwDivideShape
gwDivideSurface
gwDivideFlow
GW_FlowSystem
gwFlowPath
gwFlowSystemPart
gwPartOfSystemFlow
gwFlow
GW_AquiferSystem
gwAquiferSystemIsLayered
gwAquiferSystemPart
GW_ConfiningBed
gwSpatialConfinement
gwConductivityConfinement
gwConfinedAquifer
GW_UnitVoidProperty
gwPermeability
gwPorosity
gwVoidUnit
gwUnitVoid
GW_Mixture
gwMixture
gwBodyConstituent
GW_UnitFluidProperty
gwHydraulicConductivity
gwStorativity
gwTransmissivity
gwYield
gwUnitFluidBody
gwFluidBodyUnit
