SealingComponent
sealingMaterial
sealingType
BoreCollar
collarElevation
collarElevationType
collarHeadworkType
collarLocation
collarSeal
bholeDetails
Borehole
bholeMaterialCustodian
bholeCoreInterval
bholeDateOfDrilling
bholeDriller
bholeDrillingMethod
bholeInclinationType
bholeNominalDiameter
bholeOperator
bholeStartPoint
bholeConstruction
bholeHeadworks
installedEquipment
ConstructionComponent
from
to
Filtration
filterElement
Screen
screenElement
Casing
casingElement
FiltrationComponent
filterGrainSize
filterMaterial
ScreenComponent
screenAttachmentMethod
screenCoating
screenForm
screenHoleSize
screenMaterial
screenInternalDiameter
screenExternalDiameter
screenPerforationMethod
screenFitting
screenMake
screenModel
screenNumber
screenPlacement
screenWallThickness
Sealing
sealingGroutingPlacementMethod
casingLeft
casingSlit
sealingElement
CasingComponent
casingMaterial
casingCoating
casingForm
casingInternalDiameter
casingExternalDiameter
casingWallThickness
Equipment
characteristics
equipmentType
installationDate
